// Vitest Snapshot v1, https://vitest.dev/guide/snapshot.html

exports[`tests for AuthPage.vue > should find authorizationContent data-testid 1`] = `
DOMWrapper {
  "isDisabled": [Function],
  "wrapperElement": <p
    aling="center"
    class="text-bold text-center text-h6 text-white"
    data-testid="authorizationContent"
    data-v-c025950a=""
  >
    Authorization
  </p>,
}
`;
