// Vitest Snapshot v1, https://vitest.dev/guide/snapshot.html

exports[`tests for FindPartner.vue > should find findPartnerContent data-testid 1`] = `
DOMWrapper {
  "isDisabled": [Function],
  "wrapperElement": <p
    class="text-bold text-h4"
    data-testid="findPartnerContent"
    data-v-27de1c0a=""
  >
     Find a partner 
  </p>,
}
`;
