// Vitest Snapshot v1, https://vitest.dev/guide/snapshot.html

exports[`tests for RegistrationPage > should find registrationContent data-testid 1`] = `
DOMWrapper {
  "isDisabled": [Function],
  "wrapperElement": <p
    aling="center"
    class="text-bold text-center text-h6 text-white"
    data-testid="registrationContent"
    data-v-6282d38c=""
  >
     Registration 
  </p>,
}
`;
